---
source: crates/mun_syntax/src/tests/parser.rs
expression: "SourceFile::parse(r#\"\n        pub struct Foo(pub i32, i32);\n        \"#).debug_dump()"
---
SOURCE_FILE@0..47
  WHITESPACE@0..9 "\n        "
  STRUCT_DEF@9..38
    VISIBILITY@9..12
      PUB_KW@9..12 "pub"
    WHITESPACE@12..13 " "
    STRUCT_KW@13..19 "struct"
    WHITESPACE@19..20 " "
    NAME@20..23
      IDENT@20..23 "Foo"
    TUPLE_FIELD_DEF_LIST@23..38
      L_PAREN@23..24 "("
      TUPLE_FIELD_DEF@24..31
        VISIBILITY@24..27
          PUB_KW@24..27 "pub"
        WHITESPACE@27..28 " "
        PATH_TYPE@28..31
          PATH@28..31
            PATH_SEGMENT@28..31
              NAME_REF@28..31
                IDENT@28..31 "i32"
      COMMA@31..32 ","
      WHITESPACE@32..33 " "
      TUPLE_FIELD_DEF@33..36
        PATH_TYPE@33..36
          PATH@33..36
            PATH_SEGMENT@33..36
              NAME_REF@33..36
                IDENT@33..36 "i32"
      R_PAREN@36..37 ")"
      SEMI@37..38 ";"
  WHITESPACE@38..47 "\n        "
